Archive member included because of file (symbol)

c:/devkitPro/libnds/lib\libnds9.a(video.o)
                              main.o (vramSetBankA)
c:/devkitPro/libnds/lib\libnds9.a(interrupts.o)
                              main.o (irqInit)
c:/devkitPro/libnds/lib\libnds9.a(biosCalls.o)
                              main.o (swiWaitForVBlank)
c:/devkitPro/libnds/lib\libnds9.a(interruptDispatcher.o)
                              c:/devkitPro/libnds/lib\libnds9.a(interrupts.o) (IntrMain)
c:/devkitpro/devkitarm/bin/../lib/gcc/arm-eabi/4.1.1/thumb\libgcc.a(_divsi3.o)
                              main.o (__aeabi_idivmod)
c:/devkitpro/devkitarm/bin/../lib/gcc/arm-eabi/4.1.1/thumb\libgcc.a(_dvmd_tls.o)
                              c:/devkitpro/devkitarm/bin/../lib/gcc/arm-eabi/4.1.1/thumb\libgcc.a(_divsi3.o) (__div0)
c:/devkitpro/devkitarm/bin/../lib/gcc/arm-eabi/4.1.1/thumb\libgcc.a(_call_via_rX.o)
                              c:/devkitpro/devkitarm/bin/../lib/gcc/arm-eabi/4.1.1/../../../../arm-eabi/lib/thumb/ds_arm9_crt0.o (_call_via_r3)
c:/devkitpro/devkitarm/bin/../lib/gcc/arm-eabi/4.1.1/../../../../arm-eabi/lib/thumb\libg.a(init.o)
                              c:/devkitpro/devkitarm/bin/../lib/gcc/arm-eabi/4.1.1/../../../../arm-eabi/lib/thumb/ds_arm9_crt0.o (__libc_init_array)
c:/devkitpro/devkitarm/bin/../lib/gcc/arm-eabi/4.1.1/../../../../arm-eabi/lib/thumb\libg.a(rand.o)
                              main.o (rand)
c:/devkitpro/devkitarm/bin/../lib/gcc/arm-eabi/4.1.1/../../../../arm-eabi/lib/thumb\libg.a(impure.o)
                              c:/devkitpro/devkitarm/bin/../lib/gcc/arm-eabi/4.1.1/../../../../arm-eabi/lib/thumb\libg.a(rand.o) (_impure_ptr)
c:/devkitpro/devkitarm/bin/../lib/gcc/arm-eabi/4.1.1/thumb\libgcc.a(_muldi3.o)
                              c:/devkitpro/devkitarm/bin/../lib/gcc/arm-eabi/4.1.1/../../../../arm-eabi/lib/thumb\libg.a(rand.o) (__aeabi_lmul)
c:/devkitpro/devkitarm/bin/../lib/gcc/arm-eabi/4.1.1/../../../../arm-eabi/lib/thumb\libsysbase.a(malloc_vars.o)
                              c:/devkitpro/devkitarm/bin/../lib/gcc/arm-eabi/4.1.1/../../../../arm-eabi/lib/thumb/ds_arm9_crt0.o (fake_heap_end)

Allocating common symbols
Common symbol       size              file

stars               0x280             main.o

Memory Configuration

Name             Origin             Length             Attributes
rom              0x08000000         0x02000000
ewram            0x02000000         0x003ff000
dtcm             0x0b000000         0x00004000
itcm             0x01000000         0x00008000
*default*        0x00000000         0xffffffff

Linker script and memory map

                0x01000000                __itcm_start = 0x1000000
                0x023ff000                __ewram_end = 0x23ff000
                0x023ff000                __eheap_end = 0x23ff000
                0x0b000000                __dtcm_start = 0xb000000
                0x0b004000                __dtcm_top = 0xb004000
                0x0b003ff8                __irq_flags = (__dtcm_top - 0x8)
                0x0b003ffc                __irq_vector = (__dtcm_top - 0x4)
                0x0b003f00                __sp_svc = (__dtcm_top - 0x100)
                0x0b003e00                __sp_irq = (__sp_svc - 0x100)
                0x0b003d00                __sp_usr = (__sp_irq - 0x100)

.init           0x02000000      0x23c
                0x02000000                __text_start = .
 *(.init)
 .init          0x02000000      0x230 c:/devkitpro/devkitarm/bin/../lib/gcc/arm-eabi/4.1.1/../../../../arm-eabi/lib/thumb/ds_arm9_crt0.o
                0x02000000                _start
 .init          0x02000230        0x4 c:/devkitpro/devkitarm/bin/../lib/gcc/arm-eabi/4.1.1/thumb/crti.o
                0x02000230                _init
 .init          0x02000234        0x8 c:/devkitpro/devkitarm/bin/../lib/gcc/arm-eabi/4.1.1/thumb/crtn.o
                0x0200023c                . = ALIGN (0x4)

.plt
 *(.plt)

.text           0x02000240      0x7c8
 *(EXCLUDE_FILE(*.itcm*) .text)
 .text          0x02000240        0x0 c:/devkitpro/devkitarm/bin/../lib/gcc/arm-eabi/4.1.1/../../../../arm-eabi/lib/thumb/ds_arm9_crt0.o
 .text          0x02000240        0x0 c:/devkitpro/devkitarm/bin/../lib/gcc/arm-eabi/4.1.1/thumb/crti.o
 .text          0x02000240       0x70 c:/devkitpro/devkitarm/bin/../lib/gcc/arm-eabi/4.1.1/thumb/crtbegin.o
 .text          0x020002b0      0x170 main.o
                0x020002e4                EraseStar
                0x020002cc                DrawStar
                0x020002b0                ClearScreen
                0x020003d0                main
                0x020002fc                InitStars
                0x02000380                MoveStar
 .text          0x02000420      0x110 c:/devkitPro/libnds/lib\libnds9.a(video.o)
                0x020004e0                vramSetBankF
                0x02000470                vramRestoreMainBanks
                0x02000508                vramSetBankH
                0x020004b8                vramSetBankD
                0x020004cc                vramSetBankE
                0x020004f4                vramSetBankG
                0x02000464                vramRestorMainBanks
                0x02000490                vramSetBankB
                0x020004a4                vramSetBankC
                0x0200051c                vramSetBankI
                0x02000420                vramSetMainBanks
                0x0200047c                vramSetBankA
 .text          0x02000530      0x204 c:/devkitPro/libnds/lib\libnds9.a(interrupts.o)
                0x02000698                irqEnable
                0x02000534                irqSet
                0x020006e8                irqDisable
                0x0200059c                irqInit
                0x02000530                irqDummy
                0x02000668                irqInitHandler
                0x020005e8                irqClear
 *fill*         0x02000734        0xc ff
 .text          0x02000740       0x70 c:/devkitPro/libnds/lib\libnds9.a(biosCalls.o)
                0x02000750                swiSleep
                0x0200078a                swiDecompressLZSSVram
                0x02000772                swiFastCopy
                0x02000776                swiSqrt
                0x02000740                swiSoftReset
                0x0200077a                swiCRC16
                0x0200078e                swiDecompressHuffman
                0x020007a6                swiSetHaltCR
                0x0200075c                swiRemainder
                0x02000782                swiUnpackBits
                0x02000786                swiDecompressLZSSWram
                0x020007a2                swiDecodeDelta16
                0x02000744                swiDelay
                0x02000762                swiDivMod
                0x02000796                swiDecompressRLEVram
                0x02000792                swiDecompressRLEWram
                0x0200079e                swiDecodeDelta8
                0x02000758                swiDivide
                0x02000754                swiChangeSoundBias
                0x0200074c                swiWaitForVBlank
                0x02000748                swiIntrWait
                0x0200077e                swiIsDebugger
                0x0200079a                swiWaitForIRQ
                0x0200076e                swiCopy
 .text          0x020007b0        0x0 c:/devkitPro/libnds/lib\libnds9.a(interruptDispatcher.o)
 .text          0x020007b0       0xa4 c:/devkitpro/devkitarm/bin/../lib/gcc/arm-eabi/4.1.1/thumb\libgcc.a(_divsi3.o)
                0x020007b0                __aeabi_idiv
                0x020007b0                __divsi3
                0x02000844                __aeabi_idivmod
 .text          0x02000854        0x4 c:/devkitpro/devkitarm/bin/../lib/gcc/arm-eabi/4.1.1/thumb\libgcc.a(_dvmd_tls.o)
                0x02000854                __aeabi_ldiv0
                0x02000854                __div0
                0x02000854                __aeabi_idiv0
 .text          0x02000858       0x3c c:/devkitpro/devkitarm/bin/../lib/gcc/arm-eabi/4.1.1/thumb\libgcc.a(_call_via_rX.o)
                0x02000860                _call_via_r2
                0x02000870                _call_via_r6
                0x0200086c                _call_via_r5
                0x02000864                _call_via_r3
                0x02000884                _call_via_fp
                0x02000878                _call_via_r8
                0x02000874                _call_via_r7
                0x02000858                _call_via_r0
                0x02000880                _call_via_sl
                0x0200088c                _call_via_sp
                0x0200087c                _call_via_r9
                0x02000868                _call_via_r4
                0x0200085c                _call_via_r1
                0x02000888                _call_via_ip
                0x02000890                _call_via_lr
 .text          0x02000894       0x88 c:/devkitpro/devkitarm/bin/../lib/gcc/arm-eabi/4.1.1/../../../../arm-eabi/lib/thumb\libg.a(init.o)
                0x020008c4                __libc_init_array
                0x02000894                __libc_fini_array
 *fill*         0x0200091c        0x4 ff
 .text          0x02000920       0x58 c:/devkitpro/devkitarm/bin/../lib/gcc/arm-eabi/4.1.1/../../../../arm-eabi/lib/thumb\libg.a(rand.o)
                0x02000934                rand
                0x02000920                srand
 .text          0x02000978        0x0 c:/devkitpro/devkitarm/bin/../lib/gcc/arm-eabi/4.1.1/../../../../arm-eabi/lib/thumb\libg.a(impure.o)
 .text          0x02000978       0x84 c:/devkitpro/devkitarm/bin/../lib/gcc/arm-eabi/4.1.1/thumb\libgcc.a(_muldi3.o)
                0x02000978                __aeabi_lmul
                0x02000978                __muldi3
 .text          0x020009fc        0x0 c:/devkitpro/devkitarm/bin/../lib/gcc/arm-eabi/4.1.1/../../../../arm-eabi/lib/thumb\libsysbase.a(malloc_vars.o)
 .text          0x020009fc        0x0 c:/devkitpro/devkitarm/bin/../lib/gcc/arm-eabi/4.1.1/thumb/crtend.o
 .text          0x020009fc        0x0 c:/devkitpro/devkitarm/bin/../lib/gcc/arm-eabi/4.1.1/thumb/crtn.o
 *(.text.*)
 *(.stub)
 *(.gnu.warning)
 *(.gnu.linkonce.t*)
 *(.glue_7)
 .glue_7        0x020009fc        0x0 c:/devkitpro/devkitarm/bin/../lib/gcc/arm-eabi/4.1.1/../../../../arm-eabi/lib/thumb/ds_arm9_crt0.o
 .glue_7        0x020009fc        0x0 c:/devkitpro/devkitarm/bin/../lib/gcc/arm-eabi/4.1.1/thumb/crti.o
 .glue_7        0x020009fc        0x0 c:/devkitpro/devkitarm/bin/../lib/gcc/arm-eabi/4.1.1/thumb/crtbegin.o
 .glue_7        0x020009fc        0x0 main.o
 .glue_7        0x020009fc        0x0 c:/devkitPro/libnds/lib\libnds9.a(video.o)
 .glue_7        0x020009fc        0x0 c:/devkitPro/libnds/lib\libnds9.a(interrupts.o)
 .glue_7        0x020009fc        0x0 c:/devkitPro/libnds/lib\libnds9.a(biosCalls.o)
 .glue_7        0x020009fc        0x0 c:/devkitPro/libnds/lib\libnds9.a(interruptDispatcher.o)
 .glue_7        0x020009fc        0x0 c:/devkitpro/devkitarm/bin/../lib/gcc/arm-eabi/4.1.1/thumb\libgcc.a(_divsi3.o)
 .glue_7        0x020009fc        0x0 c:/devkitpro/devkitarm/bin/../lib/gcc/arm-eabi/4.1.1/thumb\libgcc.a(_dvmd_tls.o)
 .glue_7        0x020009fc        0x0 c:/devkitpro/devkitarm/bin/../lib/gcc/arm-eabi/4.1.1/thumb\libgcc.a(_call_via_rX.o)
 .glue_7        0x020009fc        0x0 c:/devkitpro/devkitarm/bin/../lib/gcc/arm-eabi/4.1.1/../../../../arm-eabi/lib/thumb\libg.a(init.o)
 .glue_7        0x020009fc        0x0 c:/devkitpro/devkitarm/bin/../lib/gcc/arm-eabi/4.1.1/../../../../arm-eabi/lib/thumb\libg.a(rand.o)
 .glue_7        0x020009fc        0x0 c:/devkitpro/devkitarm/bin/../lib/gcc/arm-eabi/4.1.1/../../../../arm-eabi/lib/thumb\libg.a(impure.o)
 .glue_7        0x020009fc        0x0 c:/devkitpro/devkitarm/bin/../lib/gcc/arm-eabi/4.1.1/thumb\libgcc.a(_muldi3.o)
 .glue_7        0x020009fc        0x0 c:/devkitpro/devkitarm/bin/../lib/gcc/arm-eabi/4.1.1/../../../../arm-eabi/lib/thumb\libsysbase.a(malloc_vars.o)
 .glue_7        0x020009fc        0xc c:/devkitpro/devkitarm/bin/../lib/gcc/arm-eabi/4.1.1/thumb/crtend.o
                0x020009fc                ___call_via_r3_from_arm
 .glue_7        0x02000a08        0x0 c:/devkitpro/devkitarm/bin/../lib/gcc/arm-eabi/4.1.1/thumb/crtn.o
 *(.glue_7t)
 .glue_7t       0x02000a08        0x0 c:/devkitpro/devkitarm/bin/../lib/gcc/arm-eabi/4.1.1/../../../../arm-eabi/lib/thumb/ds_arm9_crt0.o
 .glue_7t       0x02000a08        0x0 c:/devkitpro/devkitarm/bin/../lib/gcc/arm-eabi/4.1.1/thumb/crti.o
 .glue_7t       0x02000a08        0x0 c:/devkitpro/devkitarm/bin/../lib/gcc/arm-eabi/4.1.1/thumb/crtbegin.o
 .glue_7t       0x02000a08        0x0 main.o
 .glue_7t       0x02000a08        0x0 c:/devkitPro/libnds/lib\libnds9.a(video.o)
 .glue_7t       0x02000a08        0x0 c:/devkitPro/libnds/lib\libnds9.a(interrupts.o)
 .glue_7t       0x02000a08        0x0 c:/devkitPro/libnds/lib\libnds9.a(biosCalls.o)
 .glue_7t       0x02000a08        0x0 c:/devkitPro/libnds/lib\libnds9.a(interruptDispatcher.o)
 .glue_7t       0x02000a08        0x0 c:/devkitpro/devkitarm/bin/../lib/gcc/arm-eabi/4.1.1/thumb\libgcc.a(_divsi3.o)
 .glue_7t       0x02000a08        0x0 c:/devkitpro/devkitarm/bin/../lib/gcc/arm-eabi/4.1.1/thumb\libgcc.a(_dvmd_tls.o)
 .glue_7t       0x02000a08        0x0 c:/devkitpro/devkitarm/bin/../lib/gcc/arm-eabi/4.1.1/thumb\libgcc.a(_call_via_rX.o)
 .glue_7t       0x02000a08        0x0 c:/devkitpro/devkitarm/bin/../lib/gcc/arm-eabi/4.1.1/../../../../arm-eabi/lib/thumb\libg.a(init.o)
 .glue_7t       0x02000a08        0x0 c:/devkitpro/devkitarm/bin/../lib/gcc/arm-eabi/4.1.1/../../../../arm-eabi/lib/thumb\libg.a(rand.o)
 .glue_7t       0x02000a08        0x0 c:/devkitpro/devkitarm/bin/../lib/gcc/arm-eabi/4.1.1/../../../../arm-eabi/lib/thumb\libg.a(impure.o)
 .glue_7t       0x02000a08        0x0 c:/devkitpro/devkitarm/bin/../lib/gcc/arm-eabi/4.1.1/thumb\libgcc.a(_muldi3.o)
 .glue_7t       0x02000a08        0x0 c:/devkitpro/devkitarm/bin/../lib/gcc/arm-eabi/4.1.1/../../../../arm-eabi/lib/thumb\libsysbase.a(malloc_vars.o)
 .glue_7t       0x02000a08        0x0 c:/devkitpro/devkitarm/bin/../lib/gcc/arm-eabi/4.1.1/thumb/crtend.o
 .glue_7t       0x02000a08        0x0 c:/devkitpro/devkitarm/bin/../lib/gcc/arm-eabi/4.1.1/thumb/crtn.o
                0x02000a08                . = ALIGN (0x4)

.fini           0x02000a08        0xc
 *(.fini)
 .fini          0x02000a08        0x4 c:/devkitpro/devkitarm/bin/../lib/gcc/arm-eabi/4.1.1/thumb/crti.o
                0x02000a08                _fini
 .fini          0x02000a0c        0x8 c:/devkitpro/devkitarm/bin/../lib/gcc/arm-eabi/4.1.1/thumb/crtn.o
                0x02000a14                __text_end = .

.rodata         0x02000a14        0x8
 *(.rodata)
 .rodata        0x02000a14        0x4 c:/devkitpro/devkitarm/bin/../lib/gcc/arm-eabi/4.1.1/../../../../arm-eabi/lib/thumb\libg.a(impure.o)
                0x02000a14                _global_impure_ptr
 *all.rodata*(*)
 *(.roda)
 *(.rodata.*)
 .rodata.str1.4
                0x02000a18        0x4 c:/devkitpro/devkitarm/bin/../lib/gcc/arm-eabi/4.1.1/../../../../arm-eabi/lib/thumb\libg.a(impure.o)
 *(.gnu.linkonce.r*)
                0x02000a1c                . = ALIGN (0x4)

.ARM.extab
 *(.ARM.extab* .gnu.linkonce.armextab.*)
                0x02000a1c                __exidx_start = .

.ARM.exidx
 *(.ARM.exidx* .gnu.linkonce.armexidx.*)
                0x02000a1c                __exidx_end = .
                0x02000a1c                . = ALIGN (0x4)
                0x02000a1c                PROVIDE (__preinit_array_start, .)

.preinit_array
 *(.preinit_array)
                0x02000a1c                PROVIDE (__preinit_array_end, .)
                0x02000a1c                PROVIDE (__init_array_start, .)

.init_array     0x02000a1c        0x4
 *(.init_array)
 .init_array    0x02000a1c        0x4 c:/devkitpro/devkitarm/bin/../lib/gcc/arm-eabi/4.1.1/thumb/crtbegin.o
                0x02000a20                PROVIDE (__init_array_end, .)
                0x02000a20                PROVIDE (__fini_array_start, .)

.fini_array     0x02000a20        0x4
 *(.fini_array)
 .fini_array    0x02000a20        0x4 c:/devkitpro/devkitarm/bin/../lib/gcc/arm-eabi/4.1.1/thumb/crtbegin.o
                0x02000a24                PROVIDE (__fini_array_end, .)

.ctors          0x02000a24        0x0
 *crtbegin.o(.ctors)
 *(EXCLUDE_FILE(*crtend.o) .ctors)
 *(SORT(.ctors.*))
 *(.ctors)
                0x02000a24                . = ALIGN (0x4)

.dtors          0x02000a24        0x0
 *crtbegin.o(.dtors)
 *(EXCLUDE_FILE(*crtend.o) .dtors)
 *(SORT(.dtors.*))
 *(.dtors)
                0x02000a24                . = ALIGN (0x4)

.eh_frame       0x02000a24        0x4
 *(.eh_frame)
 .eh_frame      0x02000a24        0x0 c:/devkitpro/devkitarm/bin/../lib/gcc/arm-eabi/4.1.1/thumb/crtbegin.o
 .eh_frame      0x02000a24        0x4 c:/devkitpro/devkitarm/bin/../lib/gcc/arm-eabi/4.1.1/thumb/crtend.o
                0x02000a28                . = ALIGN (0x4)

.gcc_except_table
                0x02000a28        0x0
 *(.gcc_except_table)
                0x02000a28                . = ALIGN (0x4)

.jcr            0x02000a28        0x4
 *(.jcr)
 .jcr           0x02000a28        0x0 c:/devkitpro/devkitarm/bin/../lib/gcc/arm-eabi/4.1.1/thumb/crtbegin.o
 .jcr           0x02000a28        0x4 c:/devkitpro/devkitarm/bin/../lib/gcc/arm-eabi/4.1.1/thumb/crtend.o

.got
 *(.got.plt)
 *(.got)

.ewram          0x02000a2c        0x0
                0x02000a2c                __ewram_start = <code 342> (.)
 *(.ewram)
 *ewram.*(.text)
                0x02000a2c                . = ALIGN (0x4)

.data           0x02000a2c      0x41c
                0x02000a2c                __data_start = <code 342> (.)
 *(.data)
 .data          0x02000a2c        0x0 c:/devkitpro/devkitarm/bin/../lib/gcc/arm-eabi/4.1.1/../../../../arm-eabi/lib/thumb/ds_arm9_crt0.o
 .data          0x02000a2c        0x0 c:/devkitpro/devkitarm/bin/../lib/gcc/arm-eabi/4.1.1/thumb/crti.o
 .data          0x02000a2c        0x4 c:/devkitpro/devkitarm/bin/../lib/gcc/arm-eabi/4.1.1/thumb/crtbegin.o
                0x02000a2c                __dso_handle
 .data          0x02000a30        0x0 main.o
 .data          0x02000a30        0x0 c:/devkitPro/libnds/lib\libnds9.a(video.o)
 .data          0x02000a30        0x0 c:/devkitPro/libnds/lib\libnds9.a(interrupts.o)
 .data          0x02000a30        0x0 c:/devkitPro/libnds/lib\libnds9.a(biosCalls.o)
 .data          0x02000a30        0x0 c:/devkitPro/libnds/lib\libnds9.a(interruptDispatcher.o)
 .data          0x02000a30        0x0 c:/devkitpro/devkitarm/bin/../lib/gcc/arm-eabi/4.1.1/thumb\libgcc.a(_divsi3.o)
 .data          0x02000a30        0x0 c:/devkitpro/devkitarm/bin/../lib/gcc/arm-eabi/4.1.1/thumb\libgcc.a(_dvmd_tls.o)
 .data          0x02000a30        0x0 c:/devkitpro/devkitarm/bin/../lib/gcc/arm-eabi/4.1.1/thumb\libgcc.a(_call_via_rX.o)
 .data          0x02000a30        0x0 c:/devkitpro/devkitarm/bin/../lib/gcc/arm-eabi/4.1.1/../../../../arm-eabi/lib/thumb\libg.a(init.o)
 .data          0x02000a30        0x0 c:/devkitpro/devkitarm/bin/../lib/gcc/arm-eabi/4.1.1/../../../../arm-eabi/lib/thumb\libg.a(rand.o)
 *fill*         0x02000a30        0x0 ff
 .data          0x02000a30      0x418 c:/devkitpro/devkitarm/bin/../lib/gcc/arm-eabi/4.1.1/../../../../arm-eabi/lib/thumb\libg.a(impure.o)
                0x02000a30                _impure_ptr
 .data          0x02000e48        0x0 c:/devkitpro/devkitarm/bin/../lib/gcc/arm-eabi/4.1.1/thumb\libgcc.a(_muldi3.o)
 .data          0x02000e48        0x0 c:/devkitpro/devkitarm/bin/../lib/gcc/arm-eabi/4.1.1/../../../../arm-eabi/lib/thumb\libsysbase.a(malloc_vars.o)
 .data          0x02000e48        0x0 c:/devkitpro/devkitarm/bin/../lib/gcc/arm-eabi/4.1.1/thumb/crtend.o
 .data          0x02000e48        0x0 c:/devkitpro/devkitarm/bin/../lib/gcc/arm-eabi/4.1.1/thumb/crtn.o
 *(.data.*)
 *(.gnu.linkonce.d*)
                0x02000e48                . = ALIGN (0x4)
                0x02000e48                __data_end = <code 342> (.)
                0x02000e48                __dtcm_lma = .

.dtcm           0x0b000000        0x0 load address 0x02000e48
 *(.dtcm)
 *(.dtcm.*)
                0x0b000000                . = ALIGN (0x4)
                0x0b000000                __dtcm_end = <code 342> (.)
                0x02000e48                __itcm_lma = (__dtcm_lma + SIZEOF (.dtcm))

.itcm           0x01000000      0x1a0 load address 0x02000e48
 *(.itcm)
 .itcm          0x01000000       0xc8 c:/devkitPro/libnds/lib\libnds9.a(interrupts.o)
                0x01000000                irqTable
 .itcm          0x010000c8       0xd8 c:/devkitPro/libnds/lib\libnds9.a(interruptDispatcher.o)
                0x010000c8                IntrMain
 *itcm.*(.text)
                0x010001a0                . = ALIGN (0x4)
                0x010001a0                __itcm_end = <code 342> (.)

.sbss           0x0b000000        0x0
                0x0b000000                __sbss_start = <code 342> (.)
                0x0b000000                __sbss_start__ = <code 342> (.)
 *(.sbss)
                0x0b000000                . = ALIGN (0x4)
                0x0b000000                __sbss_end = <code 342> (.)
                0x02000fe8                __bss_lma = (__itcm_lma + SIZEOF (.itcm))
                0x02000fe8                __appended_data = (__itcm_lma + SIZEOF (.itcm))

.bss            0x02000fe8      0x2a4 load address 0x02000fe8
                0x02000fe8                __bss_start = <code 342> (.)
                0x02000fe8                __bss_start__ = <code 342> (.)
 *(.dynbss)
 *(.gnu.linkonce.b*)
 *(.bss*)
 .bss           0x02000fe8        0x0 c:/devkitpro/devkitarm/bin/../lib/gcc/arm-eabi/4.1.1/../../../../arm-eabi/lib/thumb/ds_arm9_crt0.o
 .bss           0x02000fe8        0x0 c:/devkitpro/devkitarm/bin/../lib/gcc/arm-eabi/4.1.1/thumb/crti.o
 .bss           0x02000fe8       0x1c c:/devkitpro/devkitarm/bin/../lib/gcc/arm-eabi/4.1.1/thumb/crtbegin.o
 .bss           0x02001004        0x0 main.o
 .bss           0x02001004        0x0 c:/devkitPro/libnds/lib\libnds9.a(video.o)
 .bss           0x02001004        0x0 c:/devkitPro/libnds/lib\libnds9.a(interrupts.o)
 .bss           0x02001004        0x0 c:/devkitPro/libnds/lib\libnds9.a(biosCalls.o)
 .bss           0x02001004        0x0 c:/devkitPro/libnds/lib\libnds9.a(interruptDispatcher.o)
 .bss           0x02001004        0x0 c:/devkitpro/devkitarm/bin/../lib/gcc/arm-eabi/4.1.1/thumb\libgcc.a(_divsi3.o)
 .bss           0x02001004        0x0 c:/devkitpro/devkitarm/bin/../lib/gcc/arm-eabi/4.1.1/thumb\libgcc.a(_dvmd_tls.o)
 .bss           0x02001004        0x0 c:/devkitpro/devkitarm/bin/../lib/gcc/arm-eabi/4.1.1/thumb\libgcc.a(_call_via_rX.o)
 .bss           0x02001004        0x0 c:/devkitpro/devkitarm/bin/../lib/gcc/arm-eabi/4.1.1/../../../../arm-eabi/lib/thumb\libg.a(init.o)
 .bss           0x02001004        0x0 c:/devkitpro/devkitarm/bin/../lib/gcc/arm-eabi/4.1.1/../../../../arm-eabi/lib/thumb\libg.a(rand.o)
 .bss           0x02001004        0x0 c:/devkitpro/devkitarm/bin/../lib/gcc/arm-eabi/4.1.1/../../../../arm-eabi/lib/thumb\libg.a(impure.o)
 .bss           0x02001004        0x0 c:/devkitpro/devkitarm/bin/../lib/gcc/arm-eabi/4.1.1/thumb\libgcc.a(_muldi3.o)
 .bss           0x02001004        0x8 c:/devkitpro/devkitarm/bin/../lib/gcc/arm-eabi/4.1.1/../../../../arm-eabi/lib/thumb\libsysbase.a(malloc_vars.o)
                0x02001008                fake_heap_start
                0x02001004                fake_heap_end
 .bss           0x0200100c        0x0 c:/devkitpro/devkitarm/bin/../lib/gcc/arm-eabi/4.1.1/thumb/crtend.o
 .bss           0x0200100c        0x0 c:/devkitpro/devkitarm/bin/../lib/gcc/arm-eabi/4.1.1/thumb/crtn.o
 *(COMMON)
 COMMON         0x0200100c      0x280 main.o
                0x0200100c                stars
                0x0200128c                . = ALIGN (0x4)
                0x0200128c                __bss_end = <code 342> (.)
                0x0200128c                __bss_end__ = __bss_end
                0x0200128c                _end = .
                0x0200128c                __end__ = .
                0x0200128c                PROVIDE (end, _end)

.stab
 *(.stab)

.stabstr
 *(.stabstr)

.stab.excl
 *(.stab.excl)

.stab.exclstr
 *(.stab.exclstr)

.stab.index
 *(.stab.index)

.stab.indexstr
 *(.stab.indexstr)

.comment        0x00000000      0x1a2
 *(.comment)
 .comment       0x00000000       0x2a c:/devkitpro/devkitarm/bin/../lib/gcc/arm-eabi/4.1.1/thumb/crtbegin.o
 .comment       0x0000002a       0x2a main.o
 .comment       0x00000054       0x29 c:/devkitPro/libnds/lib\libnds9.a(video.o)
 .comment       0x0000007d       0x29 c:/devkitPro/libnds/lib\libnds9.a(interrupts.o)
 .comment       0x000000a6       0x2a c:/devkitpro/devkitarm/bin/../lib/gcc/arm-eabi/4.1.1/../../../../arm-eabi/lib/thumb\libg.a(init.o)
 .comment       0x000000d0       0x2a c:/devkitpro/devkitarm/bin/../lib/gcc/arm-eabi/4.1.1/../../../../arm-eabi/lib/thumb\libg.a(rand.o)
 .comment       0x000000fa       0x2a c:/devkitpro/devkitarm/bin/../lib/gcc/arm-eabi/4.1.1/../../../../arm-eabi/lib/thumb\libg.a(impure.o)
 .comment       0x00000124       0x2a c:/devkitpro/devkitarm/bin/../lib/gcc/arm-eabi/4.1.1/thumb\libgcc.a(_muldi3.o)
 .comment       0x0000014e       0x2a c:/devkitpro/devkitarm/bin/../lib/gcc/arm-eabi/4.1.1/../../../../arm-eabi/lib/thumb\libsysbase.a(malloc_vars.o)
 .comment       0x00000178       0x2a c:/devkitpro/devkitarm/bin/../lib/gcc/arm-eabi/4.1.1/thumb/crtend.o

.debug
 *(.debug)

.line
 *(.line)

.debug_srcinfo
 *(.debug_srcinfo)

.debug_sfnames
 *(.debug_sfnames)

.debug_aranges  0x00000000       0xb0
 *(.debug_aranges)
 .debug_aranges
                0x00000000       0x28 c:/devkitpro/devkitarm/bin/../lib/gcc/arm-eabi/4.1.1/thumb/crti.o
 .debug_aranges
                0x00000028       0x20 main.o
 .debug_aranges
                0x00000048       0x20 c:/devkitPro/libnds/lib\libnds9.a(video.o)
 .debug_aranges
                0x00000068       0x20 c:/devkitPro/libnds/lib\libnds9.a(interrupts.o)
 .debug_aranges
                0x00000088       0x28 c:/devkitpro/devkitarm/bin/../lib/gcc/arm-eabi/4.1.1/thumb/crtn.o

.debug_pubnames
                0x00000000      0x1dc
 *(.debug_pubnames)
 .debug_pubnames
                0x00000000       0x6b main.o
 .debug_pubnames
                0x0000006b       0xf1 c:/devkitPro/libnds/lib\libnds9.a(video.o)
 .debug_pubnames
                0x0000015c       0x80 c:/devkitPro/libnds/lib\libnds9.a(interrupts.o)

.debug_info     0x00000000      0x9e9
 *(.debug_info)
 .debug_info    0x00000000       0x5b c:/devkitpro/devkitarm/bin/../lib/gcc/arm-eabi/4.1.1/thumb/crti.o
 .debug_info    0x0000005b      0x213 main.o
 .debug_info    0x0000026e      0x500 c:/devkitPro/libnds/lib\libnds9.a(video.o)
 .debug_info    0x0000076e      0x220 c:/devkitPro/libnds/lib\libnds9.a(interrupts.o)
 .debug_info    0x0000098e       0x5b c:/devkitpro/devkitarm/bin/../lib/gcc/arm-eabi/4.1.1/thumb/crtn.o

.debug_abbrev   0x00000000      0x348
 *(.debug_abbrev)
 .debug_abbrev  0x00000000       0x10 c:/devkitpro/devkitarm/bin/../lib/gcc/arm-eabi/4.1.1/thumb/crti.o
 .debug_abbrev  0x00000010      0x134 main.o
 .debug_abbrev  0x00000144       0xbf c:/devkitPro/libnds/lib\libnds9.a(video.o)
 .debug_abbrev  0x00000203      0x135 c:/devkitPro/libnds/lib\libnds9.a(interrupts.o)
 .debug_abbrev  0x00000338       0x10 c:/devkitpro/devkitarm/bin/../lib/gcc/arm-eabi/4.1.1/thumb/crtn.o

.debug_line     0x00000000      0x3aa
 *(.debug_line)
 .debug_line    0x00000000       0x49 c:/devkitpro/devkitarm/bin/../lib/gcc/arm-eabi/4.1.1/thumb/crti.o
 .debug_line    0x00000049       0xe1 main.o
 .debug_line    0x0000012a      0x100 c:/devkitPro/libnds/lib\libnds9.a(video.o)
 .debug_line    0x0000022a       0xff c:/devkitPro/libnds/lib\libnds9.a(interrupts.o)
 .debug_line    0x00000329       0x81 c:/devkitpro/devkitarm/bin/../lib/gcc/arm-eabi/4.1.1/thumb/crtn.o

.debug_frame    0x00000000      0x224
 *(.debug_frame)
 .debug_frame   0x00000000       0x98 main.o
 .debug_frame   0x00000098       0xdc c:/devkitPro/libnds/lib\libnds9.a(video.o)
 .debug_frame   0x00000174       0xb0 c:/devkitPro/libnds/lib\libnds9.a(interrupts.o)

.debug_str      0x00000000      0x974
 *(.debug_str)
 .debug_str     0x00000000      0x10c main.o
                                0x14a (size before relaxing)
 .debug_str     0x0000010c      0x7a5 c:/devkitPro/libnds/lib\libnds9.a(video.o)
                                0x822 (size before relaxing)
 .debug_str     0x000008b1       0xc3 c:/devkitPro/libnds/lib\libnds9.a(interrupts.o)
                                0x184 (size before relaxing)

.debug_loc      0x00000000      0x30e
 *(.debug_loc)
 .debug_loc     0x00000000       0xb0 main.o
 .debug_loc     0x000000b0      0x129 c:/devkitPro/libnds/lib\libnds9.a(video.o)
 .debug_loc     0x000001d9      0x135 c:/devkitPro/libnds/lib\libnds9.a(interrupts.o)

.debug_macinfo
 *(.debug_macinfo)

.debug_weaknames
 *(.debug_weaknames)

.debug_funcnames
 *(.debug_funcnames)

.debug_typenames
 *(.debug_typenames)

.debug_varnames
 *(.debug_varnames)

.stack          0x00080000        0x0
                0x00080000                _stack = .
 *(.stack)
LOAD c:/devkitpro/devkitarm/bin/../lib/gcc/arm-eabi/4.1.1/../../../../arm-eabi/lib/thumb/ds_arm9_crt0.o
LOAD c:/devkitpro/devkitarm/bin/../lib/gcc/arm-eabi/4.1.1/thumb/crti.o
LOAD c:/devkitpro/devkitarm/bin/../lib/gcc/arm-eabi/4.1.1/thumb/crtbegin.o
LOAD main.o
LOAD c:/devkitPro/libnds/lib\libnds9.a
START GROUP
LOAD c:/devkitpro/devkitarm/bin/../lib/gcc/arm-eabi/4.1.1/thumb\libgcc.a
LOAD c:/devkitpro/devkitarm/bin/../lib/gcc/arm-eabi/4.1.1/../../../../arm-eabi/lib/thumb\libg.a
LOAD c:/devkitpro/devkitarm/bin/../lib/gcc/arm-eabi/4.1.1/../../../../arm-eabi/lib/thumb\libc.a
END GROUP
START GROUP
LOAD c:/devkitpro/devkitarm/bin/../lib/gcc/arm-eabi/4.1.1/../../../../arm-eabi/lib/thumb\libsysbase.a
LOAD c:/devkitpro/devkitarm/bin/../lib/gcc/arm-eabi/4.1.1/../../../../arm-eabi/lib/thumb\libc.a
END GROUP
LOAD c:/devkitpro/devkitarm/bin/../lib/gcc/arm-eabi/4.1.1/thumb/crtend.o
LOAD c:/devkitpro/devkitarm/bin/../lib/gcc/arm-eabi/4.1.1/thumb/crtn.o
OUTPUT(c:/arm9/arm9.elf elf32-littlearm)

.ARM.attributes
                0x00000000       0x10
 .ARM.attributes
                0x00000000       0x1e c:/devkitpro/devkitarm/bin/../lib/gcc/arm-eabi/4.1.1/../../../../arm-eabi/lib/thumb/ds_arm9_crt0.o
 .ARM.attributes
                0x0000001e       0x1e c:/devkitpro/devkitarm/bin/../lib/gcc/arm-eabi/4.1.1/thumb/crti.o
 .ARM.attributes
                0x0000003c       0x1e c:/devkitpro/devkitarm/bin/../lib/gcc/arm-eabi/4.1.1/thumb/crtbegin.o
 .ARM.attributes
                0x0000005a       0x1e main.o
 .ARM.attributes
                0x00000078       0x19 c:/devkitPro/libnds/lib\libnds9.a(video.o)
 .ARM.attributes
                0x00000091       0x19 c:/devkitPro/libnds/lib\libnds9.a(interrupts.o)
 .ARM.attributes
                0x000000aa       0x19 c:/devkitPro/libnds/lib\libnds9.a(biosCalls.o)
 .ARM.attributes
                0x000000c3       0x19 c:/devkitPro/libnds/lib\libnds9.a(interruptDispatcher.o)
 .ARM.attributes
                0x000000dc       0x1e c:/devkitpro/devkitarm/bin/../lib/gcc/arm-eabi/4.1.1/thumb\libgcc.a(_divsi3.o)
 .ARM.attributes
                0x000000fa       0x1e c:/devkitpro/devkitarm/bin/../lib/gcc/arm-eabi/4.1.1/thumb\libgcc.a(_dvmd_tls.o)
 .ARM.attributes
                0x00000118       0x1e c:/devkitpro/devkitarm/bin/../lib/gcc/arm-eabi/4.1.1/thumb\libgcc.a(_call_via_rX.o)
 .ARM.attributes
                0x00000136       0x1e c:/devkitpro/devkitarm/bin/../lib/gcc/arm-eabi/4.1.1/../../../../arm-eabi/lib/thumb\libg.a(init.o)
 .ARM.attributes
                0x00000154       0x1e c:/devkitpro/devkitarm/bin/../lib/gcc/arm-eabi/4.1.1/../../../../arm-eabi/lib/thumb\libg.a(rand.o)
 .ARM.attributes
                0x00000172       0x1c c:/devkitpro/devkitarm/bin/../lib/gcc/arm-eabi/4.1.1/../../../../arm-eabi/lib/thumb\libg.a(impure.o)
 .ARM.attributes
                0x0000018e       0x1e c:/devkitpro/devkitarm/bin/../lib/gcc/arm-eabi/4.1.1/thumb\libgcc.a(_muldi3.o)
 .ARM.attributes
                0x000001ac       0x1c c:/devkitpro/devkitarm/bin/../lib/gcc/arm-eabi/4.1.1/../../../../arm-eabi/lib/thumb\libsysbase.a(malloc_vars.o)
 .ARM.attributes
                0x000001c8       0x1c c:/devkitpro/devkitarm/bin/../lib/gcc/arm-eabi/4.1.1/thumb/crtend.o
 .ARM.attributes
                0x000001e4       0x1e c:/devkitpro/devkitarm/bin/../lib/gcc/arm-eabi/4.1.1/thumb/crtn.o
